<testsuites id="" name="" tests="4" failures="0" skipped="0" errors="0" time="32.640259">
<testsuite name="hubstaff-aqa-test-flows.spec.js" timestamp="2025-05-09T06:11:20.943Z" hostname="chromium" tests="4" failures="0" skipped="0" time="85.685" errors="0">
<testcase name="Sign up › User successfully completes 14-day free trial signup with email verification" classname="hubstaff-aqa-test-flows.spec.js" time="20.916">
<system-out>
<![CDATA[[DEBUG] Email body available: true
[DEBUG] Email HTML body available: false
]]>
</system-out>
</testcase>
<testcase name="Sign in › User login successfully with valid credentials" classname="hubstaff-aqa-test-flows.spec.js" time="20.853">
</testcase>
<testcase name="Add/Create Project › User successfully creates a new project" classname="hubstaff-aqa-test-flows.spec.js" time="19.726">
</testcase>
<testcase name="Bonus Payment › User successfully creates a one-time payment " classname="hubstaff-aqa-test-flows.spec.js" time="24.19">
</testcase>
</testsuite>
</testsuites>